[dotenv@17.2.3] injecting env (0) from .env -- tip: 🗂️ backup and recover secrets: https://dotenvx.com/ops
🚀 [2025-10-22 22:59:16.402] [SERVER] Server running on http://localhost:3000
ℹ️ [2025-10-22 22:59:16.405] [INFO] API Docs available at: http://localhost:3000/api-docs
ℹ️ [2025-10-22 22:59:16.405] [INFO] Environment: development
✅ [2025-10-22 22:59:16.406] [SUCCESS] Connected to SQLite database at: /Users/irfanrahmanindra/Documents/NTU/Blockchain/SmartContract Repo/blockchain-vehicle-registration-system/server/database/mydb.db
📤 [2025-10-22 22:59:32.387] [REQUEST] HTTP GET /api/init [User: Anonymous]
{
  "ip": "::1",
  "query": null
}
ℹ️ [2025-10-22 22:59:32.388] [INFO] Database initialization requested
🚀 Running database schema check and setup...
✨ Table "DrivingLicenses" is ready.
✨ Table "VehicleOwner" is ready.
✨ Table "Users" is ready.
📊 Inserting sample data...
✅ All sample data inserted successfully.
✅ [2025-10-22 22:59:32.552] [SUCCESS] Database initialization complete and tables created/checked
📥 [2025-10-22 22:59:32.552] [RESPONSE] HTTP 200 - /init (165ms) 
📤 [2025-10-22 22:59:53.092] [REQUEST] HTTP POST /api/auth/login [User: Anonymous]
{
  "ip": "::1",
  "query": null
}
🔐 [2025-10-22 22:59:53.152] [AUTH] AUTH [LOGIN] admin SUCCESS
{
  "userId": "a1db4e58-f415-4356-b3f5-e742f8e7dc19",
  "userType": "Admin"
}
📥 [2025-10-22 22:59:53.153] [RESPONSE] HTTP 200 - /login (61ms) 
📤 [2025-10-22 23:00:01.571] [REQUEST] HTTP GET /api/users [User: Anonymous]
{
  "ip": "::1",
  "query": null
}
💾 [2025-10-22 23:00:01.576] [DATABASE] DATABASE [SELECT] Users SUCCESS - Retrieved 6 users
📥 [2025-10-22 23:00:01.577] [RESPONSE] HTTP 200 - / (7ms) 
ATABASE] DATABASE [SELECT] Users SUCCESS - Retrieved 6 users
[2025-10-22 23:00:01.577] [RESPONSE] HTTP 200 - / (7ms) 
[2025-10-23 21:05:22.625] [SERVER] Server running on http://localhost:3000
[2025-10-23 21:05:22.628] [INFO] API Docs available at: http://localhost:3000/api-docs
[2025-10-23 21:05:22.628] [INFO] Environment: development
[2025-10-23 21:05:22.629] [SUCCESS] Connected to SQLite database at: /Users/irfanrahmanindra/Documents/NTU/Blockchain/SmartContract Repo/blockchain-vehicle-registration-system/server/database/mydb.db
[2025-10-23 21:05:29.191] [REQUEST] HTTP GET /api-docs/ [User: Anonymous]
{
  "ip": "::1",
  "query": null
}
[2025-10-23 21:05:29.199] [RESPONSE] HTTP 200 - / (8ms) 
[2025-10-23 21:05:29.222] [REQUEST] HTTP GET /api-docs/swagger-ui.css [User: Anonymous]
{
  "ip": "::1",
  "query": null
}
[2025-10-23 21:05:29.226] [REQUEST] HTTP GET /api-docs/swagger-ui-bundle.js [User: Anonymous]
{
  "ip": "::1",
  "query": null
}
[2025-10-23 21:05:29.234] [REQUEST] HTTP GET /api-docs/swagger-ui-standalone-preset.js [User: Anonymous]
{
  "ip": "::1",
  "query": null
}
[2025-10-23 21:05:29.236] [REQUEST] HTTP GET /api-docs/swagger-ui-init.js [User: Anonymous]
{
  "ip": "::1",
  "query": null
}
[2025-10-23 21:05:29.237] [RESPONSE] HTTP 200 - /swagger-ui-init.js (1ms) 
[2025-10-23 21:05:29.298] [REQUEST] HTTP GET /api-docs/favicon-32x32.png [User: Anonymous]
{
  "ip": "::1",
  "query": null
}
[2025-10-23 21:05:29.349] [REQUEST] HTTP GET /api-docs/favicon-32x32.png [User: Anonymous]
{
  "ip": "::1",
  "query": null
}
[2025-10-23 21:05:32.222] [REQUEST] HTTP GET /api-docs/ [User: Anonymous]
{
  "ip": "::1",
  "query": null
}
[2025-10-23 21:05:32.233] [RESPONSE] HTTP 200 - / (11ms) 
[2025-10-23 21:05:32.253] [REQUEST] HTTP GET /api-docs/swagger-ui.css [User: Anonymous]
{
  "ip": "::1",
  "query": null
}
[2025-10-23 21:05:32.259] [REQUEST] HTTP GET /api-docs/swagger-ui-bundle.js [User: Anonymous]
{
  "ip": "::1",
  "query": null
}
[2025-10-23 21:05:32.264] [REQUEST] HTTP GET /api-docs/swagger-ui-standalone-preset.js [User: Anonymous]
{
  "ip": "::1",
  "query": null
}
[2025-10-23 21:05:32.268] [REQUEST] HTTP GET /api-docs/swagger-ui-init.js [User: Anonymous]
{
  "ip": "::1",
  "query": null
}
[2025-10-23 21:05:32.270] [RESPONSE] HTTP 200 - /swagger-ui-init.js (2ms) 
[2025-10-23 21:05:32.303] [REQUEST] HTTP GET /api-docs/favicon-32x32.png [User: Anonymous]
{
  "ip": "::1",
  "query": null
}
[2025-10-23 21:05:32.336] [REQUEST] HTTP GET /api-docs/favicon-32x32.png [User: Anonymous]
{
  "ip": "::1",
  "query": null
}
[2025-10-23 21:05:32.496] [REQUEST] HTTP GET /api-docs/ [User: Anonymous]
{
  "ip": "::1",
  "query": null
}
[2025-10-23 21:05:32.503] [RESPONSE] HTTP 200 - / (7ms) 
[2025-10-23 21:05:32.516] [REQUEST] HTTP GET /api-docs/swagger-ui.css [User: Anonymous]
{
  "ip": "::1",
  "query": null
}
[2025-10-23 21:05:32.521] [REQUEST] HTTP GET /api-docs/swagger-ui-bundle.js [User: Anonymous]
{
  "ip": "::1",
  "query": null
}
[2025-10-23 21:05:32.524] [REQUEST] HTTP GET /api-docs/swagger-ui-standalone-preset.js [User: Anonymous]
{
  "ip": "::1",
  "query": null
}
[2025-10-23 21:05:32.526] [REQUEST] HTTP GET /api-docs/swagger-ui-init.js [User: Anonymous]
{
  "ip": "::1",
  "query": null
}
[2025-10-23 21:05:32.526] [RESPONSE] HTTP 200 - /swagger-ui-init.js 
[2025-10-23 21:05:32.544] [REQUEST] HTTP GET /api-docs/favicon-32x32.png [User: Anonymous]
{
  "ip": "::1",
  "query": null
}
[2025-10-23 21:05:32.570] [REQUEST] HTTP GET /api-docs/favicon-32x32.png [User: Anonymous]
{
  "ip": "::1",
  "query": null
}
[2025-10-23 21:05:32.663] [REQUEST] HTTP GET /api-docs/ [User: Anonymous]
{
  "ip": "::1",
  "query": null
}
[2025-10-23 21:05:32.665] [RESPONSE] HTTP 200 - / (2ms) 
[2025-10-23 21:05:32.675] [REQUEST] HTTP GET /api-docs/swagger-ui.css [User: Anonymous]
{
  "ip": "::1",
  "query": null
}
[2025-10-23 21:05:32.677] [REQUEST] HTTP GET /api-docs/swagger-ui-bundle.js [User: Anonymous]
{
  "ip": "::1",
  "query": null
}
[2025-10-23 21:05:32.678] [REQUEST] HTTP GET /api-docs/swagger-ui-standalone-preset.js [User: Anonymous]
{
  "ip": "::1",
  "query": null
}
[2025-10-23 21:05:32.679] [REQUEST] HTTP GET /api-docs/swagger-ui-init.js [User: Anonymous]
{
  "ip": "::1",
  "query": null
}
[2025-10-23 21:05:32.679] [RESPONSE] HTTP 200 - /swagger-ui-init.js 
[2025-10-23 21:05:32.700] [REQUEST] HTTP GET /api-docs/favicon-32x32.png [User: Anonymous]
{
  "ip": "::1",
  "query": null
}
[2025-10-23 21:05:32.725] [REQUEST] HTTP GET /api-docs/favicon-32x32.png [User: Anonymous]
{
  "ip": "::1",
  "query": null
}
[2025-10-23 21:05:32.807] [REQUEST] HTTP GET /api-docs/ [User: Anonymous]
{
  "ip": "::1",
  "query": null
}
[2025-10-23 21:05:32.808] [RESPONSE] HTTP 200 - / (1ms) 
[2025-10-23 21:05:32.816] [REQUEST] HTTP GET /api-docs/swagger-ui.css [User: Anonymous]
{
  "ip": "::1",
  "query": null
}
[2025-10-23 21:05:32.817] [REQUEST] HTTP GET /api-docs/swagger-ui-bundle.js [User: Anonymous]
{
  "ip": "::1",
  "query": null
}
[2025-10-23 21:05:32.818] [REQUEST] HTTP GET /api-docs/swagger-ui-standalone-preset.js [User: Anonymous]
{
  "ip": "::1",
  "query": null
}
[2025-10-23 21:05:32.818] [REQUEST] HTTP GET /api-docs/swagger-ui-init.js [User: Anonymous]
{
  "ip": "::1",
  "query": null
}
[2025-10-23 21:05:32.818] [RESPONSE] HTTP 200 - /swagger-ui-init.js 
[2025-10-23 21:05:32.837] [REQUEST] HTTP GET /api-docs/favicon-32x32.png [User: Anonymous]
{
  "ip": "::1",
  "query": null
}
[2025-10-23 21:05:32.861] [REQUEST] HTTP GET /api-docs/favicon-32x32.png [User: Anonymous]
{
  "ip": "::1",
  "query": null
}
[2025-10-23 21:05:32.947] [REQUEST] HTTP GET /api-docs/ [User: Anonymous]
{
  "ip": "::1",
  "query": null
}
[2025-10-23 21:05:32.948] [RESPONSE] HTTP 200 - / (1ms) 
[2025-10-23 21:05:32.958] [REQUEST] HTTP GET /api-docs/swagger-ui.css [User: Anonymous]
{
  "ip": "::1",
  "query": null
}
[2025-10-23 21:05:32.960] [REQUEST] HTTP GET /api-docs/swagger-ui-bundle.js [User: Anonymous]
{
  "ip": "::1",
  "query": null
}
[2025-10-23 21:05:32.961] [REQUEST] HTTP GET /api-docs/swagger-ui-standalone-preset.js [User: Anonymous]
{
  "ip": "::1",
  "query": null
}
[2025-10-23 21:05:32.963] [REQUEST] HTTP GET /api-docs/swagger-ui-init.js [User: Anonymous]
{
  "ip": "::1",
  "query": null
}
[2025-10-23 21:05:32.964] [RESPONSE] HTTP 200 - /swagger-ui-init.js (1ms) 
[2025-10-23 21:05:32.978] [REQUEST] HTTP GET /api-docs/favicon-32x32.png [User: Anonymous]
{
  "ip": "::1",
  "query": null
}
[2025-10-23 21:05:33.000] [REQUEST] HTTP GET /api-docs/favicon-32x32.png [User: Anonymous]
{
  "ip": "::1",
  "query": null
}
[2025-10-23 21:06:19.904] [REQUEST] HTTP POST /api/auth/login [User: Anonymous]
{
  "ip": "::1",
  "query": null
}
[2025-10-23 21:06:19.987] [AUTH] AUTH [LOGIN] johndoe SUCCESS
{
  "userId": "b2de996c-f154-4446-ad0e-99fc44772a8f",
  "userType": "VehicleOwner"
}
[2025-10-23 21:06:19.988] [RESPONSE] HTTP 200 - /login (84ms) 
[2025-10-23 21:06:34.334] [REQUEST] HTTP GET /api/users [User: Anonymous]
{
  "ip": "::1",
  "query": null
}
[2025-10-23 21:06:34.338] [RESPONSE] HTTP 401 - / (4ms) 
[2025-10-23 21:06:40.917] [REQUEST] HTTP GET /api/licenses [User: Anonymous]
{
  "ip": "::1",
  "query": null
}
[2025-10-23 21:06:40.920] [RESPONSE] HTTP 401 - / (3ms) 
[2025-10-23 21:06:48.304] [REQUEST] HTTP GET /api/licenses [User: Anonymous]
{
  "ip": "::1",
  "query": null
}
[2025-10-23 21:06:48.308] [RESPONSE] HTTP 401 - / (5ms) 
[2025-10-23 21:06:48.768] [REQUEST] HTTP GET /api/licenses [User: Anonymous]
{
  "ip": "::1",
  "query": null
}
[2025-10-23 21:06:48.769] [RESPONSE] HTTP 401 - / (1ms) 
[2025-10-23 21:06:48.908] [REQUEST] HTTP GET /api/licenses [User: Anonymous]
{
  "ip": "::1",
  "query": null
}
[2025-10-23 21:06:48.910] [RESPONSE] HTTP 401 - / (3ms) 
[2025-10-23 21:06:49.047] [REQUEST] HTTP GET /api/licenses [User: Anonymous]
{
  "ip": "::1",
  "query": null
}
[2025-10-23 21:06:49.048] [RESPONSE] HTTP 401 - / (1ms) 
[2025-10-23 21:06:51.108] [REQUEST] HTTP GET /api/licenses [User: Anonymous]
{
  "ip": "::1",
  "query": null
}
[2025-10-23 21:06:51.110] [RESPONSE] HTTP 401 - / (2ms) 
[2025-10-23 21:06:51.250] [REQUEST] HTTP GET /api/licenses [User: Anonymous]
{
  "ip": "::1",
  "query": null
}
[2025-10-23 21:06:51.255] [RESPONSE] HTTP 401 - / (5ms) 
[2025-10-23 21:06:51.395] [REQUEST] HTTP GET /api/licenses [User: Anonymous]
{
  "ip": "::1",
  "query": null
}
[2025-10-23 21:06:51.398] [RESPONSE] HTTP 401 - / (2ms) 
[2025-10-23 21:06:51.727] [REQUEST] HTTP GET /api/licenses [User: Anonymous]
{
  "ip": "::1",
  "query": null
}
[2025-10-23 21:06:51.731] [RESPONSE] HTTP 401 - / (4ms) 
[2025-10-23 21:06:51.852] [REQUEST] HTTP GET /api/licenses [User: Anonymous]
{
  "ip": "::1",
  "query": null
}
[2025-10-23 21:06:51.854] [RESPONSE] HTTP 401 - / (2ms) 
[2025-10-23 21:06:59.120] [REQUEST] HTTP GET /api-docs/ [User: Anonymous]
{
  "ip": "::1",
  "query": null
}
[2025-10-23 21:06:59.124] [RESPONSE] HTTP 200 - / (4ms) 
[2025-10-23 21:06:59.135] [REQUEST] HTTP GET /api-docs/swagger-ui.css [User: Anonymous]
{
  "ip": "::1",
  "query": null
}
[2025-10-23 21:06:59.136] [REQUEST] HTTP GET /api-docs/swagger-ui-bundle.js [User: Anonymous]
{
  "ip": "::1",
  "query": null
}
[2025-10-23 21:06:59.141] [REQUEST] HTTP GET /api-docs/swagger-ui-standalone-preset.js [User: Anonymous]
{
  "ip": "::1",
  "query": null
}
[2025-10-23 21:06:59.143] [REQUEST] HTTP GET /api-docs/swagger-ui-init.js [User: Anonymous]
{
  "ip": "::1",
  "query": null
}
[2025-10-23 21:06:59.144] [RESPONSE] HTTP 200 - /swagger-ui-init.js (1ms) 
[2025-10-23 21:06:59.191] [REQUEST] HTTP GET /api-docs/favicon-32x32.png [User: Anonymous]
{
  "ip": "::1",
  "query": null
}
[2025-10-23 21:06:59.227] [REQUEST] HTTP GET /api-docs/favicon-32x32.png [User: Anonymous]
{
  "ip": "::1",
  "query": null
}
[2025-10-23 21:07:10.987] [REQUEST] HTTP GET /api/licenses [User: Anonymous]
{
  "ip": "::1",
  "query": null
}
[2025-10-23 21:07:10.992] [RESPONSE] HTTP 401 - / (5ms) 
[2025-10-23 21:07:28.283] [REQUEST] HTTP GET /api/users [User: Anonymous]
{
  "ip": "::1",
  "query": null
}
[2025-10-23 21:07:28.288] [RESPONSE] HTTP 401 - / (4ms) 
[2025-10-23 21:07:31.344] [REQUEST] HTTP GET /api-docs/ [User: Anonymous]
{
  "ip": "::1",
  "query": null
}
[2025-10-23 21:07:31.351] [RESPONSE] HTTP 200 - / (7ms) 
[2025-10-23 21:07:31.370] [REQUEST] HTTP GET /api-docs/swagger-ui.css [User: Anonymous]
{
  "ip": "::1",
  "query": null
}
[2025-10-23 21:07:31.372] [REQUEST] HTTP GET /api-docs/swagger-ui-bundle.js [User: Anonymous]
{
  "ip": "::1",
  "query": null
}
[2025-10-23 21:07:31.377] [REQUEST] HTTP GET /api-docs/swagger-ui-standalone-preset.js [User: Anonymous]
{
  "ip": "::1",
  "query": null
}
[2025-10-23 21:07:31.378] [REQUEST] HTTP GET /api-docs/swagger-ui-init.js [User: Anonymous]
{
  "ip": "::1",
  "query": null
}
[2025-10-23 21:07:31.379] [RESPONSE] HTTP 200 - /swagger-ui-init.js (1ms) 
[2025-10-23 21:07:31.429] [REQUEST] HTTP GET /api-docs/favicon-32x32.png [User: Anonymous]
{
  "ip": "::1",
  "query": null
}
[2025-10-23 21:07:31.465] [REQUEST] HTTP GET /api-docs/favicon-32x32.png [User: Anonymous]
{
  "ip": "::1",
  "query": null
}
[2025-10-23 21:07:31.565] [REQUEST] HTTP GET /api-docs/ [User: Anonymous]
{
  "ip": "::1",
  "query": null
}
[2025-10-23 21:07:31.569] [RESPONSE] HTTP 200 - / (4ms) 
[2025-10-23 21:07:31.579] [REQUEST] HTTP GET /api-docs/swagger-ui.css [User: Anonymous]
{
  "ip": "::1",
  "query": null
}
[2025-10-23 21:07:31.579] [REQUEST] HTTP GET /api-docs/swagger-ui-bundle.js [User: Anonymous]
{
  "ip": "::1",
  "query": null
}
[2025-10-23 21:07:31.579] [REQUEST] HTTP GET /api-docs/swagger-ui-standalone-preset.js [User: Anonymous]
{
  "ip": "::1",
  "query": null
}
[2025-10-23 21:07:31.580] [REQUEST] HTTP GET /api-docs/swagger-ui-init.js [User: Anonymous]
{
  "ip": "::1",
  "query": null
}
[2025-10-23 21:07:31.580] [RESPONSE] HTTP 200 - /swagger-ui-init.js 
[2025-10-23 21:07:31.602] [REQUEST] HTTP GET /api-docs/favicon-32x32.png [User: Anonymous]
{
  "ip": "::1",
  "query": null
}
[2025-10-23 21:07:31.629] [REQUEST] HTTP GET /api-docs/favicon-32x32.png [User: Anonymous]
{
  "ip": "::1",
  "query": null
}
[2025-10-23 21:07:41.628] [REQUEST] HTTP POST /api/auth/login [User: Anonymous]
{
  "ip": "::1",
  "query": null
}
[2025-10-23 21:07:41.708] [AUTH] AUTH [LOGIN] johndoe SUCCESS
{
  "userId": "b2de996c-f154-4446-ad0e-99fc44772a8f",
  "userType": "VehicleOwner"
}
[2025-10-23 21:07:41.708] [RESPONSE] HTTP 200 - /login (80ms) 
[2025-10-23 21:07:58.267] [REQUEST] HTTP GET /api/users [User: Anonymous]
{
  "ip": "::1",
  "query": null
}
[2025-10-23 21:07:58.274] [DATABASE] DATABASE [SELECT] Users SUCCESS - Retrieved 6 users
[2025-10-23 21:07:58.275] [RESPONSE] HTTP 200 - / (8ms) 
[2025-10-23 21:08:06.121] [REQUEST] HTTP GET /api/licenses [User: Anonymous]
{
  "ip": "::1",
  "query": null
}
[2025-10-23 21:08:06.127] [DATABASE] DATABASE [SELECT] DrivingLicenses SUCCESS - Retrieved 5 licenses
[2025-10-23 21:08:06.127] [RESPONSE] HTTP 200 - / (6ms) 
[2025-10-23 21:08:08.831] [REQUEST] HTTP GET /api/licenses [User: Anonymous]
{
  "ip": "::1",
  "query": null
}
[2025-10-23 21:08:08.833] [DATABASE] DATABASE [SELECT] DrivingLicenses SUCCESS - Retrieved 5 licenses
[2025-10-23 21:08:08.833] [RESPONSE] HTTP 200 - / (2ms) 
[2025-10-23 21:08:23.214] [REQUEST] HTTP GET /api/licenses/13e01976-ba7a-482f-ae2e-61a0452c082b [User: Anonymous]
{
  "ip": "::1",
  "query": null
}
[2025-10-23 21:08:23.218] [DATABASE] DATABASE [SELECT] DrivingLicenses (ID: 13e01976-ba7a-482f-ae2e-61a0452c082b) SUCCESS
[2025-10-23 21:08:23.219] [RESPONSE] HTTP 200 - /13e01976-ba7a-482f-ae2e-61a0452c082b (5ms) 
[2025-10-23 21:08:30.648] [WARN] Shutdown signal received
[2025-10-23 21:08:30.650] [INFO] Database connection closed
[2025-10-23 21:08:30.650] [SERVER] Server shutdown complete
[2025-10-24 17:41:53.409] [SERVER] Server running on http://localhost:3000
[2025-10-24 17:41:53.409] [INFO] API Docs available at: http://localhost:3000/api-docs
[2025-10-24 17:41:53.410] [INFO] Environment: development
[2025-10-24 17:41:53.410] [SUCCESS] Connected to SQLite database at: /Users/irfanrahmanindra/Documents/NTU/Blockchain/SmartContract Repo/blockchain-vehicle-registration-system/server/database/mydb.db
[2025-10-24 17:42:05.845] [WARN] Shutdown signal received
[2025-10-24 17:42:05.848] [INFO] Database connection closed
[2025-10-24 17:42:05.849] [SERVER] Server shutdown complete
[2025-10-24 17:42:58.119] [SERVER] Server running on http://localhost:3000
[2025-10-24 17:42:58.120] [INFO] API Docs available at: http://localhost:3000/api-docs
[2025-10-24 17:42:58.120] [INFO] Environment: development
[2025-10-24 17:42:58.120] [SUCCESS] Connected to SQLite database at: /Users/irfanrahmanindra/Documents/NTU/Blockchain/SmartContract Repo/blockchain-vehicle-registration-system/server/database/mydb.db
[2025-10-24 17:43:01.017] [WARN] Shutdown signal received
[2025-10-24 17:43:01.019] [WARN] Shutdown signal received
[2025-10-24 17:43:01.020] [INFO] Database connection closed
[2025-10-24 17:43:01.021] [SERVER] Server shutdown complete
